Archive member included because of file (symbol)

c:/program files (x86)/gnu tools arm embedded/4.8 2013q4/bin/../lib/gcc/arm-none-eabi/4.8.3/armv7e-m/fpu\libgcc.a(_arm_addsubdf3.o)
                              ..\obj\stm32f4_discovery_lcd.o (__aeabi_ui2d)
c:/program files (x86)/gnu tools arm embedded/4.8 2013q4/bin/../lib/gcc/arm-none-eabi/4.8.3/armv7e-m/fpu\libgcc.a(_arm_cmpdf2.o)
                              ..\obj\stm32f4_discovery_lcd.o (__aeabi_dcmplt)

Allocating common symbols
Common symbol       size              file

adjust_Para         0xc               ..\obj\LCD_Touch_Calibration.o
point_old           0x4               ..\obj\LCD_Touch_Calibration.o
point_new           0x4               ..\obj\LCD_Touch_Calibration.o
TS_State            0x8               ..\obj\STMPE811QTR.o
NVIC_InitStructure  0x4               ..\obj\stm32f4_discovery.o

Discarded input sections

 .text          0x00000000        0x0 ..\obj\semihosting.o
 .data          0x00000000        0x0 ..\obj\semihosting.o
 .bss           0x00000000       0x14 ..\obj\semihosting.o
 .text.SH_SendChar
                0x00000000       0x64 ..\obj\semihosting.o
 .text.SH_SendString
                0x00000000       0x24 ..\obj\semihosting.o
 .text.SH_GetChar
                0x00000000       0x40 ..\obj\semihosting.o
 .debug_info    0x00000000      0x12b ..\obj\semihosting.o
 .debug_abbrev  0x00000000       0xab ..\obj\semihosting.o
 .debug_aranges
                0x00000000       0x30 ..\obj\semihosting.o
 .debug_ranges  0x00000000       0x20 ..\obj\semihosting.o
 .debug_line    0x00000000       0xa1 ..\obj\semihosting.o
 .debug_str     0x00000000      0x1a3 ..\obj\semihosting.o
 .comment       0x00000000       0x71 ..\obj\semihosting.o
 .ARM.attributes
                0x00000000       0x39 ..\obj\semihosting.o
 .debug_frame   0x00000000       0x70 ..\obj\semihosting.o
 .text          0x00000000        0x0 ..\obj\stm32f4xx_syscfg.o
 .data          0x00000000        0x0 ..\obj\stm32f4xx_syscfg.o
 .bss           0x00000000        0x0 ..\obj\stm32f4xx_syscfg.o
 .text.SYSCFG_DeInit
                0x00000000       0x1c ..\obj\stm32f4xx_syscfg.o
 .text.SYSCFG_MemoryRemapConfig
                0x00000000       0x20 ..\obj\stm32f4xx_syscfg.o
 .text.SYSCFG_EXTILineConfig
                0x00000000       0x7c ..\obj\stm32f4xx_syscfg.o
 .text.SYSCFG_ETH_MediaInterfaceConfig
                0x00000000       0x1c ..\obj\stm32f4xx_syscfg.o
 .text.SYSCFG_CompensationCellCmd
                0x00000000       0x20 ..\obj\stm32f4xx_syscfg.o
 .text.SYSCFG_GetCompensationCellStatus
                0x00000000       0x34 ..\obj\stm32f4xx_syscfg.o
 .debug_info    0x00000000      0x24b ..\obj\stm32f4xx_syscfg.o
 .debug_abbrev  0x00000000      0x131 ..\obj\stm32f4xx_syscfg.o
 .debug_aranges
                0x00000000       0x48 ..\obj\stm32f4xx_syscfg.o
 .debug_ranges  0x00000000       0x38 ..\obj\stm32f4xx_syscfg.o
 .debug_line    0x00000000      0x19d ..\obj\stm32f4xx_syscfg.o
 .debug_str     0x00000000      0x2ee ..\obj\stm32f4xx_syscfg.o
 .comment       0x00000000       0x71 ..\obj\stm32f4xx_syscfg.o
 .ARM.attributes
                0x00000000       0x39 ..\obj\stm32f4xx_syscfg.o
 .debug_frame   0x00000000       0xbc ..\obj\stm32f4xx_syscfg.o
 .text          0x00000000        0x0 ..\obj\stm32f4_discovery_lcd.o
 .text.LCD_DeInit
                0x00000000      0x240 ..\obj\stm32f4_discovery_lcd.o
 .text.LCD_ReadReg
                0x00000000       0x2c ..\obj\stm32f4_discovery_lcd.o
 .text.LCD_ReadRAM
                0x00000000       0x18 ..\obj\stm32f4_discovery_lcd.o
 .text.LCD_RGB_Test
                0x00000000       0x68 ..\obj\stm32f4_discovery_lcd.o
 .text.LCD_SetColors
                0x00000000       0x30 ..\obj\stm32f4_discovery_lcd.o
 .text.LCD_GetColors
                0x00000000       0x30 ..\obj\stm32f4_discovery_lcd.o
 .text.LCD_DisplayOff
                0x00000000        0xc ..\obj\stm32f4_discovery_lcd.o
 .text.LCD_DisplayOn
                0x00000000        0xc ..\obj\stm32f4_discovery_lcd.o
 .text.LCD_ClearLine
                0x00000000       0x3c ..\obj\stm32f4_discovery_lcd.o
 .text.LCD_SetDisplayWindow
                0x00000000       0x88 ..\obj\stm32f4_discovery_lcd.o
 .text.LCD_WindowModeDisable
                0x00000000        0xc ..\obj\stm32f4_discovery_lcd.o
 .text.LCD_DrawRect
                0x00000000       0x74 ..\obj\stm32f4_discovery_lcd.o
 .text.LCD_DrawCircle
                0x00000000      0x1cc ..\obj\stm32f4_discovery_lcd.o
 .text.LCD_DrawMonoPict
                0x00000000       0x84 ..\obj\stm32f4_discovery_lcd.o
 .text.LCD_WriteBMP
                0x00000000       0x14 ..\obj\stm32f4_discovery_lcd.o
 .text.LCD_DrawFullRect
                0x00000000       0xc4 ..\obj\stm32f4_discovery_lcd.o
 .text.LCD_DrawFullCircle
                0x00000000      0x140 ..\obj\stm32f4_discovery_lcd.o
 .text.LCD_PolyLine
                0x00000000       0x58 ..\obj\stm32f4_discovery_lcd.o
 .text.LCD_PolyLineRelativeClosed
                0x00000000       0xa0 ..\obj\stm32f4_discovery_lcd.o
 .text.LCD_ClosedPolyLine
                0x00000000       0x50 ..\obj\stm32f4_discovery_lcd.o
 .text.LCD_PolyLineRelative
                0x00000000       0x20 ..\obj\stm32f4_discovery_lcd.o
 .text.LCD_ClosedPolyLineRelative
                0x00000000       0x20 ..\obj\stm32f4_discovery_lcd.o
 .text.LCD_FillPolyLine
                0x00000000      0x4a4 ..\obj\stm32f4_discovery_lcd.o
 .text          0x00000000        0x0 ..\obj\stm32f4xx_sdio.o
 .data          0x00000000        0x0 ..\obj\stm32f4xx_sdio.o
 .bss           0x00000000        0x0 ..\obj\stm32f4xx_sdio.o
 .text.SDIO_DeInit
                0x00000000       0x1c ..\obj\stm32f4xx_sdio.o
 .text.SDIO_Init
                0x00000000       0x5c ..\obj\stm32f4xx_sdio.o
 .text.SDIO_StructInit
                0x00000000       0x38 ..\obj\stm32f4xx_sdio.o
 .text.SDIO_ClockCmd
                0x00000000       0x20 ..\obj\stm32f4xx_sdio.o
 .text.SDIO_SetPowerState
                0x00000000       0x1c ..\obj\stm32f4xx_sdio.o
 .text.SDIO_GetPowerState
                0x00000000       0x1c ..\obj\stm32f4xx_sdio.o
 .text.SDIO_SendCommand
                0x00000000       0x58 ..\obj\stm32f4xx_sdio.o
 .text.SDIO_CmdStructInit
                0x00000000       0x30 ..\obj\stm32f4xx_sdio.o
 .text.SDIO_GetCommandResponse
                0x00000000       0x18 ..\obj\stm32f4xx_sdio.o
 .text.SDIO_GetResponse
                0x00000000       0x28 ..\obj\stm32f4xx_sdio.o
 .text.SDIO_DataConfig
                0x00000000       0x5c ..\obj\stm32f4xx_sdio.o
 .text.SDIO_DataStructInit
                0x00000000       0x38 ..\obj\stm32f4xx_sdio.o
 .text.SDIO_GetDataCounter
                0x00000000       0x18 ..\obj\stm32f4xx_sdio.o
 .text.SDIO_ReadData
                0x00000000       0x18 ..\obj\stm32f4xx_sdio.o
 .text.SDIO_WriteData
                0x00000000       0x20 ..\obj\stm32f4xx_sdio.o
 .text.SDIO_GetFIFOCount
                0x00000000       0x18 ..\obj\stm32f4xx_sdio.o
 .text.SDIO_StartSDIOReadWait
                0x00000000       0x20 ..\obj\stm32f4xx_sdio.o
 .text.SDIO_StopSDIOReadWait
                0x00000000       0x20 ..\obj\stm32f4xx_sdio.o
 .text.SDIO_SetSDIOReadWaitMode
                0x00000000       0x1c ..\obj\stm32f4xx_sdio.o
 .text.SDIO_SetSDIOOperation
                0x00000000       0x20 ..\obj\stm32f4xx_sdio.o
 .text.SDIO_SendSDIOSuspendCmd
                0x00000000       0x20 ..\obj\stm32f4xx_sdio.o
 .text.SDIO_CommandCompletionCmd
                0x00000000       0x20 ..\obj\stm32f4xx_sdio.o
 .text.SDIO_CEATAITCmd
                0x00000000       0x2c ..\obj\stm32f4xx_sdio.o
 .text.SDIO_SendCEATACmd
                0x00000000       0x20 ..\obj\stm32f4xx_sdio.o
 .text.SDIO_DMACmd
                0x00000000       0x20 ..\obj\stm32f4xx_sdio.o
 .text.SDIO_ITConfig
                0x00000000       0x3c ..\obj\stm32f4xx_sdio.o
 .text.SDIO_GetFlagStatus
                0x00000000       0x34 ..\obj\stm32f4xx_sdio.o
 .text.SDIO_ClearFlag
                0x00000000       0x1c ..\obj\stm32f4xx_sdio.o
 .text.SDIO_GetITStatus
                0x00000000       0x34 ..\obj\stm32f4xx_sdio.o
 .text.SDIO_ClearITPendingBit
                0x00000000       0x1c ..\obj\stm32f4xx_sdio.o
 .debug_info    0x00000000      0x7d4 ..\obj\stm32f4xx_sdio.o
 .debug_abbrev  0x00000000      0x177 ..\obj\stm32f4xx_sdio.o
 .debug_aranges
                0x00000000      0x108 ..\obj\stm32f4xx_sdio.o
 .debug_ranges  0x00000000       0xf8 ..\obj\stm32f4xx_sdio.o
 .debug_line    0x00000000      0x3c0 ..\obj\stm32f4xx_sdio.o
 .debug_str     0x00000000      0x63a ..\obj\stm32f4xx_sdio.o
 .comment       0x00000000       0x71 ..\obj\stm32f4xx_sdio.o
 .ARM.attributes
                0x00000000       0x39 ..\obj\stm32f4xx_sdio.o
 .debug_frame   0x00000000      0x344 ..\obj\stm32f4xx_sdio.o
 .text          0x00000000        0x0 ..\obj\stm32f4xx_usart.o
 .data          0x00000000        0x0 ..\obj\stm32f4xx_usart.o
 .bss           0x00000000        0x0 ..\obj\stm32f4xx_usart.o
 .text.USART_DeInit
                0x00000000       0xd0 ..\obj\stm32f4xx_usart.o
 .text.USART_Init
                0x00000000      0x174 ..\obj\stm32f4xx_usart.o
 .text.USART_StructInit
                0x00000000       0x38 ..\obj\stm32f4xx_usart.o
 .text.USART_ClockInit
                0x00000000       0x54 ..\obj\stm32f4xx_usart.o
 .text.USART_ClockStructInit
                0x00000000       0x2c ..\obj\stm32f4xx_usart.o
 .text.USART_Cmd
                0x00000000       0x40 ..\obj\stm32f4xx_usart.o
 .text.USART_SetPrescaler
                0x00000000       0x38 ..\obj\stm32f4xx_usart.o
 .text.USART_OverSampling8Cmd
                0x00000000       0x44 ..\obj\stm32f4xx_usart.o
 .text.USART_OneBitMethodCmd
                0x00000000       0x40 ..\obj\stm32f4xx_usart.o
 .text.USART_SendData
                0x00000000       0x24 ..\obj\stm32f4xx_usart.o
 .text.USART_ReceiveData
                0x00000000       0x20 ..\obj\stm32f4xx_usart.o
 .text.USART_SetAddress
                0x00000000       0x38 ..\obj\stm32f4xx_usart.o
 .text.USART_ReceiverWakeUpCmd
                0x00000000       0x40 ..\obj\stm32f4xx_usart.o
 .text.USART_WakeUpConfig
                0x00000000       0x38 ..\obj\stm32f4xx_usart.o
 .text.USART_LINBreakDetectLengthConfig
                0x00000000       0x38 ..\obj\stm32f4xx_usart.o
 .text.USART_LINCmd
                0x00000000       0x40 ..\obj\stm32f4xx_usart.o
 .text.USART_SendBreak
                0x00000000       0x24 ..\obj\stm32f4xx_usart.o
 .text.USART_HalfDuplexCmd
                0x00000000       0x40 ..\obj\stm32f4xx_usart.o
 .text.USART_SetGuardTime
                0x00000000       0x3c ..\obj\stm32f4xx_usart.o
 .text.USART_SmartCardCmd
                0x00000000       0x40 ..\obj\stm32f4xx_usart.o
 .text.USART_SmartCardNACKCmd
                0x00000000       0x40 ..\obj\stm32f4xx_usart.o
 .text.USART_IrDAConfig
                0x00000000       0x38 ..\obj\stm32f4xx_usart.o
 .text.USART_IrDACmd
                0x00000000       0x40 ..\obj\stm32f4xx_usart.o
 .text.USART_DMACmd
                0x00000000       0x48 ..\obj\stm32f4xx_usart.o
 .text.USART_ITConfig
                0x00000000       0x90 ..\obj\stm32f4xx_usart.o
 .text.USART_GetFlagStatus
                0x00000000       0x38 ..\obj\stm32f4xx_usart.o
 .text.USART_ClearFlag
                0x00000000       0x20 ..\obj\stm32f4xx_usart.o
 .text.USART_GetITStatus
                0x00000000       0xb0 ..\obj\stm32f4xx_usart.o
 .text.USART_ClearITPendingBit
                0x00000000       0x38 ..\obj\stm32f4xx_usart.o
 .debug_info    0x00000000      0x996 ..\obj\stm32f4xx_usart.o
 .debug_abbrev  0x00000000      0x155 ..\obj\stm32f4xx_usart.o
 .debug_aranges
                0x00000000      0x100 ..\obj\stm32f4xx_usart.o
 .debug_ranges  0x00000000       0xf0 ..\obj\stm32f4xx_usart.o
 .debug_line    0x00000000      0x41e ..\obj\stm32f4xx_usart.o
 .debug_str     0x00000000      0x67e ..\obj\stm32f4xx_usart.o
 .comment       0x00000000       0x71 ..\obj\stm32f4xx_usart.o
 .ARM.attributes
                0x00000000       0x39 ..\obj\stm32f4xx_usart.o
 .debug_frame   0x00000000      0x344 ..\obj\stm32f4xx_usart.o
 .text          0x00000000        0x0 ..\obj\startup_stm32f4xx.o
 .data          0x00000000        0x0 ..\obj\startup_stm32f4xx.o
 .bss           0x00000000        0x0 ..\obj\startup_stm32f4xx.o
 .text          0x00000000        0x0 ..\obj\stm32f4_discovery.o
 .data          0x00000000       0x2c ..\obj\stm32f4_discovery.o
 .bss           0x00000000        0x0 ..\obj\stm32f4_discovery.o
 .rodata        0x00000000       0x60 ..\obj\stm32f4_discovery.o
 .text.STM_EVAL_LEDInit
                0x00000000       0x5c ..\obj\stm32f4_discovery.o
 .text.STM_EVAL_LEDOn
                0x00000000       0x30 ..\obj\stm32f4_discovery.o
 .text.STM_EVAL_LEDOff
                0x00000000       0x30 ..\obj\stm32f4_discovery.o
 .text.STM_EVAL_LEDToggle
                0x00000000       0x3c ..\obj\stm32f4_discovery.o
 .text.STM_EVAL_PBInit
                0x00000000       0x94 ..\obj\stm32f4_discovery.o
 .text.STM_EVAL_PBGetState
                0x00000000       0x2c ..\obj\stm32f4_discovery.o
 .text.STM_EVAL_COMInit
                0x00000000      0x124 ..\obj\stm32f4_discovery.o
 .text.SD_LowLevel_DeInit
                0x00000000       0xa0 ..\obj\stm32f4_discovery.o
 .text.SD_LowLevel_Init
                0x00000000       0xcc ..\obj\stm32f4_discovery.o
 .text.SD_LowLevel_DMA_TxConfig
                0x00000000       0xa0 ..\obj\stm32f4_discovery.o
 .text.SD_LowLevel_DMA_RxConfig
                0x00000000       0xa0 ..\obj\stm32f4_discovery.o
 .debug_info    0x00000000      0xd41 ..\obj\stm32f4_discovery.o
 .debug_abbrev  0x00000000      0x1ca ..\obj\stm32f4_discovery.o
 .debug_aranges
                0x00000000       0x70 ..\obj\stm32f4_discovery.o
 .debug_ranges  0x00000000       0x60 ..\obj\stm32f4_discovery.o
 .debug_line    0x00000000      0x2f7 ..\obj\stm32f4_discovery.o
 .debug_str     0x00000000      0xe76 ..\obj\stm32f4_discovery.o
 .comment       0x00000000       0x71 ..\obj\stm32f4_discovery.o
 .ARM.attributes
                0x00000000       0x39 ..\obj\stm32f4_discovery.o
 .debug_frame   0x00000000      0x164 ..\obj\stm32f4_discovery.o
 COMMON         0x00000000        0x4 ..\obj\stm32f4_discovery.o
 .text          0x00000000        0x0 ..\obj\STMPE811QTR.o
 .text.IOE_ITConfig
                0x00000000       0x44 ..\obj\STMPE811QTR.o
 .text.IOE_GetGITStatus
                0x00000000       0x3c ..\obj\STMPE811QTR.o
 .text.IOE_ClearGITPending
                0x00000000       0x28 ..\obj\STMPE811QTR.o
 .text.IOE_GetIOITStatus
                0x00000000       0x3c ..\obj\STMPE811QTR.o
 .text.IOE_IOPinConfig
                0x00000000       0x5c ..\obj\STMPE811QTR.o
 .text.IOE_GITCmd
                0x00000000       0x4c ..\obj\STMPE811QTR.o
 .text.IOE_GITConfig
                0x00000000       0x5c ..\obj\STMPE811QTR.o
 .text.IOE_IOITConfig
                0x00000000       0x5c ..\obj\STMPE811QTR.o
 .text.IOE_IOAFConfig
                0x00000000       0x5c ..\obj\STMPE811QTR.o
 .text.IOE_IOEdgeConfig
                0x00000000       0x9c ..\obj\STMPE811QTR.o
 .text.IOE_ITOutConfig
                0x00000000       0x4c ..\obj\STMPE811QTR.o
 .text.IOE_EXTI_Config
                0x00000000        0xc ..\obj\STMPE811QTR.o
 .text          0x00000000        0x0 ..\obj\main.o
 .data          0x00000000        0x0 ..\obj\main.o
 .bss           0x00000000        0x0 ..\obj\main.o
 .text          0x00000000        0x0 ..\obj\stm32f4xx_rcc.o
 .bss           0x00000000        0x0 ..\obj\stm32f4xx_rcc.o
 .text.RCC_DeInit
                0x00000000       0x50 ..\obj\stm32f4xx_rcc.o
 .text.RCC_HSEConfig
                0x00000000       0x24 ..\obj\stm32f4xx_rcc.o
 .text.RCC_WaitForHSEStartUp
                0x00000000       0x50 ..\obj\stm32f4xx_rcc.o
 .text.RCC_AdjustHSICalibrationValue
                0x00000000       0x3c ..\obj\stm32f4xx_rcc.o
 .text.RCC_HSICmd
                0x00000000       0x20 ..\obj\stm32f4xx_rcc.o
 .text.RCC_LSEConfig
                0x00000000       0x40 ..\obj\stm32f4xx_rcc.o
 .text.RCC_LSICmd
                0x00000000       0x20 ..\obj\stm32f4xx_rcc.o
 .text.RCC_PLLConfig
                0x00000000       0x3c ..\obj\stm32f4xx_rcc.o
 .text.RCC_PLLCmd
                0x00000000       0x20 ..\obj\stm32f4xx_rcc.o
 .text.RCC_PLLI2SConfig
                0x00000000       0x28 ..\obj\stm32f4xx_rcc.o
 .text.RCC_PLLI2SCmd
                0x00000000       0x20 ..\obj\stm32f4xx_rcc.o
 .text.RCC_ClockSecuritySystemCmd
                0x00000000       0x20 ..\obj\stm32f4xx_rcc.o
 .text.RCC_MCO1Config
                0x00000000       0x3c ..\obj\stm32f4xx_rcc.o
 .text.RCC_MCO2Config
                0x00000000       0x3c ..\obj\stm32f4xx_rcc.o
 .text.RCC_SYSCLKConfig
                0x00000000       0x38 ..\obj\stm32f4xx_rcc.o
 .text.RCC_GetSYSCLKSource
                0x00000000       0x20 ..\obj\stm32f4xx_rcc.o
 .text.RCC_HCLKConfig
                0x00000000       0x38 ..\obj\stm32f4xx_rcc.o
 .text.RCC_PCLK1Config
                0x00000000       0x38 ..\obj\stm32f4xx_rcc.o
 .text.RCC_PCLK2Config
                0x00000000       0x38 ..\obj\stm32f4xx_rcc.o
 .text.RCC_RTCCLKConfig
                0x00000000       0x5c ..\obj\stm32f4xx_rcc.o
 .text.RCC_RTCCLKCmd
                0x00000000       0x20 ..\obj\stm32f4xx_rcc.o
 .text.RCC_BackupResetCmd
                0x00000000       0x20 ..\obj\stm32f4xx_rcc.o
 .text.RCC_I2SCLKConfig
                0x00000000       0x1c ..\obj\stm32f4xx_rcc.o
 .text.RCC_AHB2PeriphClockCmd
                0x00000000       0x3c ..\obj\stm32f4xx_rcc.o
 .text.RCC_AHB1PeriphResetCmd
                0x00000000       0x3c ..\obj\stm32f4xx_rcc.o
 .text.RCC_AHB2PeriphResetCmd
                0x00000000       0x3c ..\obj\stm32f4xx_rcc.o
 .text.RCC_AHB3PeriphResetCmd
                0x00000000       0x3c ..\obj\stm32f4xx_rcc.o
 .text.RCC_APB2PeriphResetCmd
                0x00000000       0x3c ..\obj\stm32f4xx_rcc.o
 .text.RCC_AHB1PeriphClockLPModeCmd
                0x00000000       0x3c ..\obj\stm32f4xx_rcc.o
 .text.RCC_AHB2PeriphClockLPModeCmd
                0x00000000       0x3c ..\obj\stm32f4xx_rcc.o
 .text.RCC_AHB3PeriphClockLPModeCmd
                0x00000000       0x3c ..\obj\stm32f4xx_rcc.o
 .text.RCC_APB1PeriphClockLPModeCmd
                0x00000000       0x3c ..\obj\stm32f4xx_rcc.o
 .text.RCC_APB2PeriphClockLPModeCmd
                0x00000000       0x3c ..\obj\stm32f4xx_rcc.o
 .text.RCC_ITConfig
                0x00000000       0x48 ..\obj\stm32f4xx_rcc.o
 .text.RCC_GetFlagStatus
                0x00000000       0x74 ..\obj\stm32f4xx_rcc.o
 .text.RCC_ClearFlag
                0x00000000       0x1c ..\obj\stm32f4xx_rcc.o
 .text.RCC_GetITStatus
                0x00000000       0x38 ..\obj\stm32f4xx_rcc.o
 .text.RCC_ClearITPendingBit
                0x00000000       0x20 ..\obj\stm32f4xx_rcc.o
 .text          0x00000000        0x0 ..\obj\printf.o
 .data          0x00000000      0x430 ..\obj\printf.o
 .bss           0x00000000        0x0 ..\obj\printf.o
 .text.PrintChar
                0x00000000       0x18 ..\obj\printf.o
 .text.snprintf
                0x00000000       0x30 ..\obj\printf.o
 .rodata        0x00000000       0x24 ..\obj\printf.o
 .text.vfprintf
                0x00000000       0x68 ..\obj\printf.o
 .text.vprintf  0x00000000       0x28 ..\obj\printf.o
 .text.fprintf  0x00000000       0x2c ..\obj\printf.o
 .text.printf   0x00000000       0x28 ..\obj\printf.o
 .text.puts     0x00000000       0x24 ..\obj\printf.o
 .text.fputc    0x00000000       0x40 ..\obj\printf.o
 .text.fputs    0x00000000       0x48 ..\obj\printf.o
 .text          0x00000000        0x0 ..\obj\fonts.o
 .bss           0x00000000        0x0 ..\obj\fonts.o
 .text          0x00000000        0x0 ..\obj\stm32f4xx_fsmc.o
 .data          0x00000000        0x0 ..\obj\stm32f4xx_fsmc.o
 .bss           0x00000000        0x0 ..\obj\stm32f4xx_fsmc.o
 .text.FSMC_NORSRAMDeInit
                0x00000000       0x58 ..\obj\stm32f4xx_fsmc.o
 .text.FSMC_NORSRAMStructInit
                0x00000000       0xd4 ..\obj\stm32f4xx_fsmc.o
 .text.FSMC_NANDDeInit
                0x00000000       0x5c ..\obj\stm32f4xx_fsmc.o
 .text.FSMC_NANDInit
                0x00000000       0xcc ..\obj\stm32f4xx_fsmc.o
 .text.FSMC_NANDStructInit
                0x00000000       0x7c ..\obj\stm32f4xx_fsmc.o
 .text.FSMC_NANDCmd
                0x00000000       0x6c ..\obj\stm32f4xx_fsmc.o
 .text.FSMC_NANDECCCmd
                0x00000000       0x6c ..\obj\stm32f4xx_fsmc.o
 .text.FSMC_GetECC
                0x00000000       0x38 ..\obj\stm32f4xx_fsmc.o
 .text.FSMC_PCCARDDeInit
                0x00000000       0x34 ..\obj\stm32f4xx_fsmc.o
 .text.FSMC_PCCARDInit
                0x00000000       0xac ..\obj\stm32f4xx_fsmc.o
 .text.FSMC_PCCARDStructInit
                0x00000000       0x84 ..\obj\stm32f4xx_fsmc.o
 .text.FSMC_PCCARDCmd
                0x00000000       0x3c ..\obj\stm32f4xx_fsmc.o
 .text.FSMC_ITConfig
                0x00000000       0xa0 ..\obj\stm32f4xx_fsmc.o
 .text.FSMC_GetFlagStatus
                0x00000000       0x64 ..\obj\stm32f4xx_fsmc.o
 .text.FSMC_ClearFlag
                0x00000000       0x5c ..\obj\stm32f4xx_fsmc.o
 .text.FSMC_GetITStatus
                0x00000000       0x80 ..\obj\stm32f4xx_fsmc.o
 .text.FSMC_ClearITPendingBit
                0x00000000       0x64 ..\obj\stm32f4xx_fsmc.o
 .text          0x00000000        0x0 ..\obj\LCD_Touch_Calibration.o
 .bss           0x00000000        0x0 ..\obj\LCD_Touch_Calibration.o
 .text          0x00000000        0x0 ..\obj\stm32f4xx_gpio.o
 .data          0x00000000        0x0 ..\obj\stm32f4xx_gpio.o
 .bss           0x00000000        0x0 ..\obj\stm32f4xx_gpio.o
 .text.GPIO_DeInit
                0x00000000      0x120 ..\obj\stm32f4xx_gpio.o
 .text.GPIO_StructInit
                0x00000000       0x34 ..\obj\stm32f4xx_gpio.o
 .text.GPIO_PinLockConfig
                0x00000000       0x44 ..\obj\stm32f4xx_gpio.o
 .text.GPIO_ReadInputDataBit
                0x00000000       0x34 ..\obj\stm32f4xx_gpio.o
 .text.GPIO_ReadInputData
                0x00000000       0x1c ..\obj\stm32f4xx_gpio.o
 .text.GPIO_ReadOutputDataBit
                0x00000000       0x34 ..\obj\stm32f4xx_gpio.o
 .text.GPIO_ReadOutputData
                0x00000000       0x1c ..\obj\stm32f4xx_gpio.o
 .text.GPIO_WriteBit
                0x00000000       0x30 ..\obj\stm32f4xx_gpio.o
 .text.GPIO_Write
                0x00000000       0x1c ..\obj\stm32f4xx_gpio.o
 .text.GPIO_ToggleBits
                0x00000000       0x24 ..\obj\stm32f4xx_gpio.o
 .data          0x00000000        0x0 ..\obj\sh_cmd.o
 .bss           0x00000000        0x0 ..\obj\sh_cmd.o
 .text          0x00000000        0x0 ..\obj\system_stm32f4xx.o
 .data          0x00000000       0x14 ..\obj\system_stm32f4xx.o
 .bss           0x00000000        0x0 ..\obj\system_stm32f4xx.o
 .text.SystemCoreClockUpdate
                0x00000000       0xf8 ..\obj\system_stm32f4xx.o
 .text          0x00000000        0x0 ..\obj\stm32f4xx_dma.o
 .data          0x00000000        0x0 ..\obj\stm32f4xx_dma.o
 .bss           0x00000000        0x0 ..\obj\stm32f4xx_dma.o
 .text.DMA_StructInit
                0x00000000       0x6c ..\obj\stm32f4xx_dma.o
 .text.DMA_PeriphIncOffsetSizeConfig
                0x00000000       0x34 ..\obj\stm32f4xx_dma.o
 .text.DMA_FlowControllerConfig
                0x00000000       0x34 ..\obj\stm32f4xx_dma.o
 .text.DMA_SetCurrDataCounter
                0x00000000       0x1c ..\obj\stm32f4xx_dma.o
 .text.DMA_GetCurrDataCounter
                0x00000000       0x1c ..\obj\stm32f4xx_dma.o
 .text.DMA_DoubleBufferModeConfig
                0x00000000       0x3c ..\obj\stm32f4xx_dma.o
 .text.DMA_DoubleBufferModeCmd
                0x00000000       0x38 ..\obj\stm32f4xx_dma.o
 .text.DMA_MemoryTargetConfig
                0x00000000       0x2c ..\obj\stm32f4xx_dma.o
 .text.DMA_GetCurrentMemoryTarget
                0x00000000       0x30 ..\obj\stm32f4xx_dma.o
 .text.DMA_GetCmdStatus
                0x00000000       0x30 ..\obj\stm32f4xx_dma.o
 .text.DMA_GetFIFOStatus
                0x00000000       0x24 ..\obj\stm32f4xx_dma.o
 .text.DMA_ITConfig
                0x00000000       0x74 ..\obj\stm32f4xx_dma.o
 .text.DMA_GetITStatus
                0x00000000       0xb0 ..\obj\stm32f4xx_dma.o
 .text.DMA_ClearITPendingBit
                0x00000000       0x5c ..\obj\stm32f4xx_dma.o
 .text          0x00000000        0x0 ..\obj\stm32f4xx_i2c.o
 .data          0x00000000        0x0 ..\obj\stm32f4xx_i2c.o
 .bss           0x00000000        0x0 ..\obj\stm32f4xx_i2c.o
 .text.I2C_DeInit
                0x00000000       0x74 ..\obj\stm32f4xx_i2c.o
 .text.I2C_StructInit
                0x00000000       0x3c ..\obj\stm32f4xx_i2c.o
 .text.I2C_Cmd  0x00000000       0x40 ..\obj\stm32f4xx_i2c.o
 .text.I2C_AcknowledgeConfig
                0x00000000       0x40 ..\obj\stm32f4xx_i2c.o
 .text.I2C_OwnAddress2Config
                0x00000000       0x40 ..\obj\stm32f4xx_i2c.o
 .text.I2C_DualAddressCmd
                0x00000000       0x40 ..\obj\stm32f4xx_i2c.o
 .text.I2C_GeneralCallCmd
                0x00000000       0x40 ..\obj\stm32f4xx_i2c.o
 .text.I2C_SoftwareResetCmd
                0x00000000       0x44 ..\obj\stm32f4xx_i2c.o
 .text.I2C_StretchClockCmd
                0x00000000       0x40 ..\obj\stm32f4xx_i2c.o
 .text.I2C_FastModeDutyCycleConfig
                0x00000000       0x40 ..\obj\stm32f4xx_i2c.o
 .text.I2C_NACKPositionConfig
                0x00000000       0x40 ..\obj\stm32f4xx_i2c.o
 .text.I2C_SMBusAlertConfig
                0x00000000       0x40 ..\obj\stm32f4xx_i2c.o
 .text.I2C_ARPCmd
                0x00000000       0x40 ..\obj\stm32f4xx_i2c.o
 .text.I2C_ReceiveData
                0x00000000       0x1c ..\obj\stm32f4xx_i2c.o
 .text.I2C_TransmitPEC
                0x00000000       0x40 ..\obj\stm32f4xx_i2c.o
 .text.I2C_PECPositionConfig
                0x00000000       0x40 ..\obj\stm32f4xx_i2c.o
 .text.I2C_CalculatePEC
                0x00000000       0x40 ..\obj\stm32f4xx_i2c.o
 .text.I2C_GetPEC
                0x00000000       0x20 ..\obj\stm32f4xx_i2c.o
 .text.I2C_ReadRegister
                0x00000000       0x30 ..\obj\stm32f4xx_i2c.o
 .text.I2C_ITConfig
                0x00000000       0x48 ..\obj\stm32f4xx_i2c.o
 .text.I2C_GetLastEvent
                0x00000000       0x44 ..\obj\stm32f4xx_i2c.o
 .text.I2C_ClearFlag
                0x00000000       0x2c ..\obj\stm32f4xx_i2c.o
 .text.I2C_GetITStatus
                0x00000000       0x5c ..\obj\stm32f4xx_i2c.o
 .text.I2C_ClearITPendingBit
                0x00000000       0x2c ..\obj\stm32f4xx_i2c.o
 .text          0x00000000        0x0 ..\obj\stm32f4xx_exti.o
 .data          0x00000000        0x0 ..\obj\stm32f4xx_exti.o
 .bss           0x00000000        0x0 ..\obj\stm32f4xx_exti.o
 .text.EXTI_DeInit
                0x00000000       0x34 ..\obj\stm32f4xx_exti.o
 .text.EXTI_Init
                0x00000000       0xdc ..\obj\stm32f4xx_exti.o
 .text.EXTI_StructInit
                0x00000000       0x2c ..\obj\stm32f4xx_exti.o
 .text.EXTI_GenerateSWInterrupt
                0x00000000       0x24 ..\obj\stm32f4xx_exti.o
 .text.EXTI_GetFlagStatus
                0x00000000       0x34 ..\obj\stm32f4xx_exti.o
 .text.EXTI_ClearFlag
                0x00000000       0x1c ..\obj\stm32f4xx_exti.o
 .text.EXTI_GetITStatus
                0x00000000       0x48 ..\obj\stm32f4xx_exti.o
 .text.EXTI_ClearITPendingBit
                0x00000000       0x1c ..\obj\stm32f4xx_exti.o
 .debug_info    0x00000000      0x331 ..\obj\stm32f4xx_exti.o
 .debug_abbrev  0x00000000      0x1a5 ..\obj\stm32f4xx_exti.o
 .debug_aranges
                0x00000000       0x58 ..\obj\stm32f4xx_exti.o
 .debug_ranges  0x00000000       0x48 ..\obj\stm32f4xx_exti.o
 .debug_line    0x00000000      0x221 ..\obj\stm32f4xx_exti.o
 .debug_str     0x00000000      0x35d ..\obj\stm32f4xx_exti.o
 .comment       0x00000000       0x71 ..\obj\stm32f4xx_exti.o
 .ARM.attributes
                0x00000000       0x39 ..\obj\stm32f4xx_exti.o
 .debug_frame   0x00000000       0xec ..\obj\stm32f4xx_exti.o
 .text          0x00000000        0x0 ..\obj\misc.o
 .data          0x00000000        0x0 ..\obj\misc.o
 .bss           0x00000000        0x0 ..\obj\misc.o
 .text.NVIC_PriorityGroupConfig
                0x00000000       0x24 ..\obj\misc.o
 .text.NVIC_Init
                0x00000000       0xbc ..\obj\misc.o
 .text.NVIC_SetVectorTable
                0x00000000       0x2c ..\obj\misc.o
 .text.NVIC_SystemLPConfig
                0x00000000       0x40 ..\obj\misc.o
 .text.SysTick_CLKSourceConfig
                0x00000000       0x38 ..\obj\misc.o
 .debug_info    0x00000000      0x51c ..\obj\misc.o
 .debug_abbrev  0x00000000      0x145 ..\obj\misc.o
 .debug_aranges
                0x00000000       0x40 ..\obj\misc.o
 .debug_ranges  0x00000000       0x30 ..\obj\misc.o
 .debug_line    0x00000000      0x1c1 ..\obj\misc.o
 .debug_str     0x00000000      0x3c8 ..\obj\misc.o
 .comment       0x00000000       0x71 ..\obj\misc.o
 .ARM.attributes
                0x00000000       0x39 ..\obj\misc.o
 .debug_frame   0x00000000       0x9c ..\obj\misc.o
 .text          0x00000000      0x370 c:/program files (x86)/gnu tools arm embedded/4.8 2013q4/bin/../lib/gcc/arm-none-eabi/4.8.3/armv7e-m/fpu\libgcc.a(_arm_addsubdf3.o)
 .data          0x00000000        0x0 c:/program files (x86)/gnu tools arm embedded/4.8 2013q4/bin/../lib/gcc/arm-none-eabi/4.8.3/armv7e-m/fpu\libgcc.a(_arm_addsubdf3.o)
 .bss           0x00000000        0x0 c:/program files (x86)/gnu tools arm embedded/4.8 2013q4/bin/../lib/gcc/arm-none-eabi/4.8.3/armv7e-m/fpu\libgcc.a(_arm_addsubdf3.o)
 .ARM.attributes
                0x00000000       0x22 c:/program files (x86)/gnu tools arm embedded/4.8 2013q4/bin/../lib/gcc/arm-none-eabi/4.8.3/armv7e-m/fpu\libgcc.a(_arm_addsubdf3.o)
 .text          0x00000000      0x110 c:/program files (x86)/gnu tools arm embedded/4.8 2013q4/bin/../lib/gcc/arm-none-eabi/4.8.3/armv7e-m/fpu\libgcc.a(_arm_cmpdf2.o)
 .data          0x00000000        0x0 c:/program files (x86)/gnu tools arm embedded/4.8 2013q4/bin/../lib/gcc/arm-none-eabi/4.8.3/armv7e-m/fpu\libgcc.a(_arm_cmpdf2.o)
 .bss           0x00000000        0x0 c:/program files (x86)/gnu tools arm embedded/4.8 2013q4/bin/../lib/gcc/arm-none-eabi/4.8.3/armv7e-m/fpu\libgcc.a(_arm_cmpdf2.o)
 .ARM.attributes
                0x00000000       0x22 c:/program files (x86)/gnu tools arm embedded/4.8 2013q4/bin/../lib/gcc/arm-none-eabi/4.8.3/armv7e-m/fpu\libgcc.a(_arm_cmpdf2.o)

Memory Configuration

Name             Origin             Length             Attributes
rom              0x08000000         0x00100000         xr
ram              0x20000000         0x00020000         xrw
ram1             0x10000000         0x00010000         xrw
*default*        0x00000000         0xffffffff

Linker script and memory map

                0x20020000                _eram = 0x20020000

.text           0x08000000     0x5b3c
 *(.isr_vector)
 .isr_vector    0x08000000      0x188 ..\obj\startup_stm32f4xx.o
                0x08000000                g_pfnVectors
 *(.text*)
 .text.LCD_CtrlLinesConfig
                0x08000188      0x198 ..\obj\stm32f4_discovery_lcd.o
                0x08000188                LCD_CtrlLinesConfig
 .text.LCD_FSMCConfig
                0x08000320       0x80 ..\obj\stm32f4_discovery_lcd.o
                0x08000320                LCD_FSMCConfig
 .text.STM32f4_Discovery_LCD_Init
                0x080003a0      0x198 ..\obj\stm32f4_discovery_lcd.o
                0x080003a0                STM32f4_Discovery_LCD_Init
 .text.LCD_SetCursor
                0x08000538       0x28 ..\obj\stm32f4_discovery_lcd.o
                0x08000538                LCD_SetCursor
 .text.LCD_WriteReg
                0x08000560       0x2c ..\obj\stm32f4_discovery_lcd.o
                0x08000560                LCD_WriteReg
 .text.LCD_WriteRAM_Prepare
                0x0800058c       0x14 ..\obj\stm32f4_discovery_lcd.o
                0x0800058c                LCD_WriteRAM_Prepare
 .text.LCD_WriteRAM
                0x080005a0       0x20 ..\obj\stm32f4_discovery_lcd.o
                0x080005a0                LCD_WriteRAM
 .text.LCD_SetTextColor
                0x080005c0       0x20 ..\obj\stm32f4_discovery_lcd.o
                0x080005c0                LCD_SetTextColor
 .text.LCD_SetBackColor
                0x080005e0       0x20 ..\obj\stm32f4_discovery_lcd.o
                0x080005e0                LCD_SetBackColor
 .text.LCD_SetFont
                0x08000600       0x1c ..\obj\stm32f4_discovery_lcd.o
                0x08000600                LCD_SetFont
 .text.LCD_GetFont
                0x0800061c       0x18 ..\obj\stm32f4_discovery_lcd.o
                0x0800061c                LCD_GetFont
 .text.LCD_Clear
                0x08000634       0x40 ..\obj\stm32f4_discovery_lcd.o
                0x08000634                LCD_Clear
 .text.PutPixel
                0x08000674       0x48 ..\obj\stm32f4_discovery_lcd.o
 .text.LCD_DrawChar
                0x080006bc      0x104 ..\obj\stm32f4_discovery_lcd.o
                0x080006bc                LCD_DrawChar
 .text.LCD_DisplayChar
                0x080007c0       0x48 ..\obj\stm32f4_discovery_lcd.o
                0x080007c0                LCD_DisplayChar
 .text.LCD_DisplayStringLine
                0x08000808       0x6c ..\obj\stm32f4_discovery_lcd.o
                0x08000808                LCD_DisplayStringLine
 .text.LCD_DrawLine
                0x08000874       0x8c ..\obj\stm32f4_discovery_lcd.o
                0x08000874                LCD_DrawLine
 .text.LCD_DrawUniLine
                0x08000900      0x168 ..\obj\stm32f4_discovery_lcd.o
                0x08000900                LCD_DrawUniLine
 .text.delay    0x08000a68       0x30 ..\obj\stm32f4_discovery_lcd.o
 .text.Default_Reset_Handler
                0x08000a98       0x6c ..\obj\startup_stm32f4xx.o
                0x08000a98                Default_Reset_Handler
                0x08000a98                Reset_Handler
 .text.Default_Handler
                0x08000b04        0x8 ..\obj\startup_stm32f4xx.o
                0x08000b04                RTC_Alarm_IRQHandler
                0x08000b04                HASH_RNG_IRQHandler
                0x08000b04                EXTI2_IRQHandler
                0x08000b04                TIM8_CC_IRQHandler
                0x08000b04                DebugMon_Handler
                0x08000b04                TIM1_CC_IRQHandler
                0x08000b04                DMA2_Stream5_IRQHandler
                0x08000b04                DMA1_Stream5_IRQHandler
                0x08000b04                SysTick_Handler
                0x08000b04                PVD_IRQHandler
                0x08000b04                SDIO_IRQHandler
                0x08000b04                TAMP_STAMP_IRQHandler
                0x08000b04                PendSV_Handler
                0x08000b04                NMI_Handler
                0x08000b04                CAN2_RX1_IRQHandler
                0x08000b04                EXTI3_IRQHandler
                0x08000b04                TIM8_TRG_COM_TIM14_IRQHandler
                0x08000b04                TIM1_UP_TIM10_IRQHandler
                0x08000b04                TIM8_UP_TIM13_IRQHandler
                0x08000b04                I2C3_ER_IRQHandler
                0x08000b04                EXTI0_IRQHandler
                0x08000b04                I2C2_EV_IRQHandler
                0x08000b04                DMA1_Stream2_IRQHandler
                0x08000b04                CAN1_RX0_IRQHandler
                0x08000b04                FPU_IRQHandler
                0x08000b04                OTG_HS_WKUP_IRQHandler
                0x08000b04                UsageFault_Handler
                0x08000b04                CAN2_SCE_IRQHandler
                0x08000b04                DMA2_Stream2_IRQHandler
                0x08000b04                SPI1_IRQHandler
                0x08000b04                TIM6_DAC_IRQHandler
                0x08000b04                TIM1_BRK_TIM9_IRQHandler
                0x08000b04                DCMI_IRQHandler
                0x08000b04                CAN2_RX0_IRQHandler
                0x08000b04                DMA2_Stream3_IRQHandler
                0x08000b04                USART6_IRQHandler
                0x08000b04                USART3_IRQHandler
                0x08000b04                CRYP_IRQHandler
                0x08000b04                CAN1_RX1_IRQHandler
                0x08000b04                UART5_IRQHandler
                0x08000b04                DMA2_Stream0_IRQHandler
                0x08000b04                TIM4_IRQHandler
                0x08000b04                I2C1_EV_IRQHandler
                0x08000b04                DMA1_Stream6_IRQHandler
                0x08000b04                DMA1_Stream1_IRQHandler
                0x08000b04                UART4_IRQHandler
                0x08000b04                TIM3_IRQHandler
                0x08000b04                RCC_IRQHandler
                0x08000b04                TIM8_BRK_TIM12_IRQHandler
                0x08000b04                EXTI15_10_IRQHandler
                0x08000b04                ADC_IRQHandler
                0x08000b04                DMA1_Stream7_IRQHandler
                0x08000b04                TIM7_IRQHandler
                0x08000b04                CAN2_TX_IRQHandler
                0x08000b04                TIM5_IRQHandler
                0x08000b04                DMA2_Stream7_IRQHandler
                0x08000b04                I2C3_EV_IRQHandler
                0x08000b04                EXTI9_5_IRQHandler
                0x08000b04                RTC_WKUP_IRQHandler
                0x08000b04                ETH_WKUP_IRQHandler
                0x08000b04                SPI2_IRQHandler
                0x08000b04                OTG_HS_EP1_IN_IRQHandler
                0x08000b04                MemManage_Handler
                0x08000b04                DMA1_Stream0_IRQHandler
                0x08000b04                CAN1_TX_IRQHandler
                0x08000b04                SVC_Handler
                0x08000b04                EXTI4_IRQHandler
                0x08000b04                FSMC_IRQHandler
                0x08000b04                ETH_IRQHandler
                0x08000b04                OTG_HS_EP1_OUT_IRQHandler
                0x08000b04                WWDG_IRQHandler
                0x08000b04                TIM2_IRQHandler
                0x08000b04                OTG_FS_WKUP_IRQHandler
                0x08000b04                TIM1_TRG_COM_TIM11_IRQHandler
                0x08000b04                OTG_HS_IRQHandler
                0x08000b04                EXTI1_IRQHandler
                0x08000b04                USART2_IRQHandler
                0x08000b04                I2C2_ER_IRQHandler
                0x08000b04                DMA2_Stream1_IRQHandler
                0x08000b04                CAN1_SCE_IRQHandler
                0x08000b04                FLASH_IRQHandler
                0x08000b04                DMA2_Stream4_IRQHandler
                0x08000b04                BusFault_Handler
                0x08000b04                USART1_IRQHandler
                0x08000b04                OTG_FS_IRQHandler
                0x08000b04                SPI3_IRQHandler
                0x08000b04                DMA1_Stream4_IRQHandler
                0x08000b04                I2C1_ER_IRQHandler
                0x08000b04                DMA2_Stream6_IRQHandler
                0x08000b04                DMA1_Stream3_IRQHandler
 .text.IOE_Config
                0x08000b0c       0x38 ..\obj\STMPE811QTR.o
                0x08000b0c                IOE_Config
 .text.IOE_TS_GetState
                0x08000b44       0xd4 ..\obj\STMPE811QTR.o
                0x08000b44                IOE_TS_GetState
 .text.IOE_IsOperational
                0x08000c18       0x3c ..\obj\STMPE811QTR.o
                0x08000c18                IOE_IsOperational
 .text.IOE_Reset
                0x08000c54       0x34 ..\obj\STMPE811QTR.o
                0x08000c54                IOE_Reset
 .text.IOE_ReadID
                0x08000c88       0x40 ..\obj\STMPE811QTR.o
                0x08000c88                IOE_ReadID
 .text.IOE_FnctCmd
                0x08000cc8       0x5c ..\obj\STMPE811QTR.o
                0x08000cc8                IOE_FnctCmd
 .text.IOE_TS_Config
                0x08000d24      0x100 ..\obj\STMPE811QTR.o
                0x08000d24                IOE_TS_Config
 .text.I2C_WriteDeviceRegister
                0x08000e24      0x170 ..\obj\STMPE811QTR.o
                0x08000e24                I2C_WriteDeviceRegister
 .text.I2C_ReadDeviceRegister
                0x08000f94      0x1c4 ..\obj\STMPE811QTR.o
                0x08000f94                I2C_ReadDeviceRegister
 .text.I2C_ReadDataBuffer
                0x08001158      0x1dc ..\obj\STMPE811QTR.o
                0x08001158                I2C_ReadDataBuffer
 .text.IOE_TS_Read_X
                0x08001334       0x68 ..\obj\STMPE811QTR.o
                0x08001334                IOE_TS_Read_X
 .text.IOE_TS_Read_Y
                0x0800139c       0x48 ..\obj\STMPE811QTR.o
                0x0800139c                IOE_TS_Read_Y
 .text.IOE_TS_Read_Z
                0x080013e4       0x28 ..\obj\STMPE811QTR.o
 .text.IOE_GPIO_Config
                0x0800140c       0x84 ..\obj\STMPE811QTR.o
 .text.IOE_I2C_Config
                0x08001490       0x3c ..\obj\STMPE811QTR.o
 .text.IOE_DMA_Config
                0x080014cc       0xa4 ..\obj\STMPE811QTR.o
 .text.delay    0x08001570       0x34 ..\obj\STMPE811QTR.o
 .text.main     0x080015a4       0x2c ..\obj\main.o
                0x080015a4                main
 .text.delay    0x080015d0       0x34 ..\obj\main.o
                0x080015d0                delay
 .text.RCC_GetClocksFreq
                0x08001604      0x154 ..\obj\stm32f4xx_rcc.o
                0x08001604                RCC_GetClocksFreq
 .text.RCC_AHB1PeriphClockCmd
                0x08001758       0x3c ..\obj\stm32f4xx_rcc.o
                0x08001758                RCC_AHB1PeriphClockCmd
 .text.RCC_AHB3PeriphClockCmd
                0x08001794       0x3c ..\obj\stm32f4xx_rcc.o
                0x08001794                RCC_AHB3PeriphClockCmd
 .text.RCC_APB1PeriphClockCmd
                0x080017d0       0x3c ..\obj\stm32f4xx_rcc.o
                0x080017d0                RCC_APB1PeriphClockCmd
 .text.RCC_APB2PeriphClockCmd
                0x0800180c       0x3c ..\obj\stm32f4xx_rcc.o
                0x0800180c                RCC_APB2PeriphClockCmd
 .text.RCC_APB1PeriphResetCmd
                0x08001848       0x3c ..\obj\stm32f4xx_rcc.o
                0x08001848                RCC_APB1PeriphResetCmd
 .text.PutChar  0x08001884       0x20 ..\obj\printf.o
                0x08001884                PutChar
 .text.PutString
                0x080018a4       0x3c ..\obj\printf.o
                0x080018a4                PutString
 .text.PutUnsignedInt
                0x080018e0       0xa0 ..\obj\printf.o
                0x080018e0                PutUnsignedInt
 .text.PutSignedInt
                0x08001980       0xfc ..\obj\printf.o
                0x08001980                PutSignedInt
 .text.PutHexa  0x08001a7c       0xd4 ..\obj\printf.o
                0x08001a7c                PutHexa
 .text.vsnprintf
                0x08001b50      0x254 ..\obj\printf.o
                0x08001b50                vsnprintf
 .text.vsprintf
                0x08001da4       0x24 ..\obj\printf.o
                0x08001da4                vsprintf
 .text.sprintf  0x08001dc8       0x2c ..\obj\printf.o
                0x08001dc8                sprintf
 .text.FSMC_NORSRAMInit
                0x08001df4      0x134 ..\obj\stm32f4xx_fsmc.o
                0x08001df4                FSMC_NORSRAMInit
 .text.FSMC_NORSRAMCmd
                0x08001f28       0x54 ..\obj\stm32f4xx_fsmc.o
                0x08001f28                FSMC_NORSRAMCmd
 .text.Lcd_Touch_Calibration
                0x08001f7c      0x4e4 ..\obj\LCD_Touch_Calibration.o
                0x08001f7c                Lcd_Touch_Calibration
 .text.Calibration_Test_Dispose
                0x08002460      0x228 ..\obj\LCD_Touch_Calibration.o
                0x08002460                Calibration_Test_Dispose
 .text.GPIO_Init
                0x08002688      0x11c ..\obj\stm32f4xx_gpio.o
                0x08002688                GPIO_Init
 .text.GPIO_SetBits
                0x080027a4       0x1c ..\obj\stm32f4xx_gpio.o
                0x080027a4                GPIO_SetBits
 .text.GPIO_ResetBits
                0x080027c0       0x1c ..\obj\stm32f4xx_gpio.o
                0x080027c0                GPIO_ResetBits
 .text.GPIO_PinAFConfig
                0x080027dc       0x8c ..\obj\stm32f4xx_gpio.o
                0x080027dc                GPIO_PinAFConfig
 .text          0x08002868       0x30 ..\obj\sh_cmd.o
                0x08002868                SH_DoCommand
                0x0800287e                HardFault_Handler
 .text.SystemInit
                0x08002898       0x68 ..\obj\system_stm32f4xx.o
                0x08002898                SystemInit
 .text.SetSysClock
                0x08002900       0xf4 ..\obj\system_stm32f4xx.o
 .text.DMA_DeInit
                0x080029f4      0x1a4 ..\obj\stm32f4xx_dma.o
                0x080029f4                DMA_DeInit
 .text.DMA_Init
                0x08002b98       0xac ..\obj\stm32f4xx_dma.o
                0x08002b98                DMA_Init
 .text.DMA_Cmd  0x08002c44       0x38 ..\obj\stm32f4xx_dma.o
                0x08002c44                DMA_Cmd
 .text.DMA_GetFlagStatus
                0x08002c7c       0x78 ..\obj\stm32f4xx_dma.o
                0x08002c7c                DMA_GetFlagStatus
 .text.DMA_ClearFlag
                0x08002cf4       0x5c ..\obj\stm32f4xx_dma.o
                0x08002cf4                DMA_ClearFlag
 .text.I2C_Init
                0x08002d50      0x184 ..\obj\stm32f4xx_i2c.o
                0x08002d50                I2C_Init
 .text.I2C_GenerateSTART
                0x08002ed4       0x40 ..\obj\stm32f4xx_i2c.o
                0x08002ed4                I2C_GenerateSTART
 .text.I2C_GenerateSTOP
                0x08002f14       0x40 ..\obj\stm32f4xx_i2c.o
                0x08002f14                I2C_GenerateSTOP
 .text.I2C_Send7bitAddress
                0x08002f54       0x3c ..\obj\stm32f4xx_i2c.o
                0x08002f54                I2C_Send7bitAddress
 .text.I2C_SendData
                0x08002f90       0x20 ..\obj\stm32f4xx_i2c.o
                0x08002f90                I2C_SendData
 .text.I2C_DMACmd
                0x08002fb0       0x40 ..\obj\stm32f4xx_i2c.o
                0x08002fb0                I2C_DMACmd
 .text.I2C_DMALastTransferCmd
                0x08002ff0       0x40 ..\obj\stm32f4xx_i2c.o
                0x08002ff0                I2C_DMALastTransferCmd
 .text.I2C_CheckEvent
                0x08003030       0x60 ..\obj\stm32f4xx_i2c.o
                0x08003030                I2C_CheckEvent
 .text.I2C_GetFlagStatus
                0x08003090       0x68 ..\obj\stm32f4xx_i2c.o
                0x08003090                I2C_GetFlagStatus
 *(.init)
 *(.fini)
 *crtbegin.o(.ctors)
 *crtbegin?.o(.ctors)
 *(EXCLUDE_FILE(*crtend.o *crtend?.o) .ctors)
 *(SORT(.ctors.*))
 *(.ctors)
 *crtbegin.o(.dtors)
 *crtbegin?.o(.dtors)
 *(EXCLUDE_FILE(*crtend.o *crtend?.o) .dtors)
 *(SORT(.dtors.*))
 *(.dtors)
 *(.rodata*)
 .rodata        0x080030f8     0x29d0 ..\obj\fonts.o
                0x080030f8                ASCII16x24_Table
                0x080042c8                ASCII12x12_Table
                0x08004bc8                ASCII8x12_Table
                0x080054c8                ASCII8x8_Table
 .rodata        0x08005ac8       0x74 ..\obj\LCD_Touch_Calibration.o
 *(.eh_fram e*)

.glue_7         0x08005b3c        0x0
 .glue_7        0x00000000        0x0 linker stubs

.glue_7t        0x08005b3c        0x0
 .glue_7t       0x00000000        0x0 linker stubs

.vfp11_veneer   0x08005b3c        0x0
 .vfp11_veneer  0x00000000        0x0 linker stubs

.v4_bx          0x08005b3c        0x0
 .v4_bx         0x00000000        0x0 linker stubs

.iplt           0x08005b3c        0x0
 .iplt          0x00000000        0x0 ..\obj\semihosting.o

.rel.dyn        0x08005b3c        0x0
 .rel.iplt      0x00000000        0x0 ..\obj\semihosting.o

.ARM.extab
 *(.ARM.extab* .gnu.linkonce.armextab.*)
                0x08005b3c                __exidx_start = .

.ARM.exidx
 *(.ARM.exidx* .gnu.linkonce.armexidx.*)
                0x08005b3c                __exidx_end = .
                0x08005b3c                __etext = .
                0x08005b3c                _sidata = __etext

.data           0x20000000       0x4c load address 0x08005b3c
                0x20000000                __data_start__ = .
                0x20000000                _sdata = __data_start__
 *(vtable)
 *(.data*)
 .data          0x20000000        0x2 ..\obj\stm32f4_discovery_lcd.o
 *fill*         0x20000002        0x2 
 .data          0x20000004        0x4 ..\obj\STMPE811QTR.o
                0x20000004                IOE_TimeOut
 .data          0x20000008       0x10 ..\obj\stm32f4xx_rcc.o
 .data          0x20000018       0x20 ..\obj\fonts.o
                0x20000018                Font16x24
                0x20000020                Font12x12
                0x20000028                Font8x12
                0x20000030                Font8x8
 .data          0x20000038       0x14 ..\obj\LCD_Touch_Calibration.o
                0x2000004c                . = ALIGN (0x4)
                0x2000004c                PROVIDE (__preinit_array_start, .)
 *(.preinit_array)
                0x2000004c                PROVIDE (__preinit_array_end, .)
                0x2000004c                . = ALIGN (0x4)
                0x2000004c                PROVIDE (__init_array_start, .)
 *(SORT(.init_array.*))
 *(.init_array)
                0x2000004c                PROVIDE (__init_array_end, .)
                0x2000004c                . = ALIGN (0x4)
                0x2000004c                PROVIDE (__fini_array_start, .)
 *(SORT(.fini_array.*))
 *(.fini_array)
                0x2000004c                PROVIDE (__fini_array_end, .)
 *(.jcr*)
                0x2000004c                . = ALIGN (0x4)
                0x2000004c                __data_end__ = .
                0x2000004c                _edata = __data_end__

.igot.plt       0x2000004c        0x0 load address 0x08005b88
 .igot.plt      0x00000000        0x0 ..\obj\semihosting.o

.bss            0x2000004c       0x28 load address 0x08005b88
                0x2000004c                . = ALIGN (0x4)
                0x2000004c                __bss_start__ = .
                0x2000004c                _sbss = __bss_start__
 *(.bss*)
 .bss           0x2000004c        0x8 ..\obj\stm32f4_discovery_lcd.o
 .bss           0x20000054        0x4 ..\obj\STMPE811QTR.o
 *(COMMON)
 COMMON         0x20000058        0x8 ..\obj\STMPE811QTR.o
                0x20000058                TS_State
 COMMON         0x20000060       0x14 ..\obj\LCD_Touch_Calibration.o
                0x20000060                adjust_Para
                0x2000006c                point_old
                0x20000070                point_new
                0x20000074                . = ALIGN (0x4)
                0x20000074                __bss_end__ = .
                0x20000074                _ebss = __bss_end__

.heap           0x20000074        0x0
                0x20000074                __end__ = .
                0x20000074                _end = __end__
                0x20000074                end = __end__
 *(.heap*)
                0x20000074                __HeapLimit = .

.co_stack       0x20000074      0x804 load address 0x08005bb0
                0x20000078                . = ALIGN (0x8)
 *fill*         0x20000074        0x4 
 *(.co_stack .co_stack.*)
 .co_stack      0x20000078      0x800 ..\obj\startup_stm32f4xx.o
                0x20000078                pulStack
                0x20020000                __StackTop = (ORIGIN (ram) + 0x20000)
                0x2001f7fc                __StackLimit = (__StackTop - SIZEOF (.co_stack))
                0x20020000                PROVIDE (__stack, __StackTop)
                0x00000001                ASSERT ((__StackLimit >= __HeapLimit), region ram  overflowed with stack)
LOAD ..\obj\semihosting.o
LOAD ..\obj\stm32f4xx_syscfg.o
LOAD ..\obj\stm32f4_discovery_lcd.o
LOAD ..\obj\stm32f4xx_sdio.o
LOAD ..\obj\stm32f4xx_usart.o
LOAD ..\obj\startup_stm32f4xx.o
LOAD ..\obj\stm32f4_discovery.o
LOAD ..\obj\STMPE811QTR.o
LOAD ..\obj\main.o
LOAD ..\obj\stm32f4xx_rcc.o
LOAD ..\obj\printf.o
LOAD ..\obj\fonts.o
LOAD ..\obj\stm32f4xx_fsmc.o
LOAD ..\obj\LCD_Touch_Calibration.o
LOAD ..\obj\stm32f4xx_gpio.o
LOAD ..\obj\sh_cmd.o
LOAD ..\obj\system_stm32f4xx.o
LOAD ..\obj\stm32f4xx_dma.o
LOAD ..\obj\stm32f4xx_i2c.o
LOAD ..\obj\stm32f4xx_exti.o
LOAD ..\obj\misc.o
START GROUP
LOAD c:/program files (x86)/gnu tools arm embedded/4.8 2013q4/bin/../lib/gcc/arm-none-eabi/4.8.3/armv7e-m/fpu\libgcc.a
LOAD c:/program files (x86)/gnu tools arm embedded/4.8 2013q4/bin/../lib/gcc/arm-none-eabi/4.8.3/../../../../arm-none-eabi/lib/armv7e-m/fpu\libg.a
LOAD c:/program files (x86)/gnu tools arm embedded/4.8 2013q4/bin/../lib/gcc/arm-none-eabi/4.8.3/../../../../arm-none-eabi/lib/armv7e-m/fpu\libc.a
END GROUP
OUTPUT(LCD Touch.elf elf32-littlearm)

.debug_info     0x00000000     0x6446
 .debug_info    0x00000000      0xf28 ..\obj\stm32f4_discovery_lcd.o
 .debug_info    0x00000f28       0xed ..\obj\startup_stm32f4xx.o
 .debug_info    0x00001015      0xd45 ..\obj\STMPE811QTR.o
 .debug_info    0x00001d5a      0x146 ..\obj\main.o
 .debug_info    0x00001ea0      0xc21 ..\obj\stm32f4xx_rcc.o
 .debug_info    0x00002ac1      0xe38 ..\obj\printf.o
 .debug_info    0x000038f9      0x18f ..\obj\fonts.o
 .debug_info    0x00003a88      0x8d4 ..\obj\stm32f4xx_fsmc.o
 .debug_info    0x0000435c      0x341 ..\obj\LCD_Touch_Calibration.o
 .debug_info    0x0000469d      0x5d6 ..\obj\stm32f4xx_gpio.o
 .debug_info    0x00004c73       0x8d ..\obj\sh_cmd.o
 .debug_info    0x00004d00      0x566 ..\obj\system_stm32f4xx.o
 .debug_info    0x00005266      0x718 ..\obj\stm32f4xx_dma.o
 .debug_info    0x0000597e      0xac8 ..\obj\stm32f4xx_i2c.o

.debug_abbrev   0x00000000     0x12e8
 .debug_abbrev  0x00000000      0x239 ..\obj\stm32f4_discovery_lcd.o
 .debug_abbrev  0x00000239       0xb0 ..\obj\startup_stm32f4xx.o
 .debug_abbrev  0x000002e9      0x223 ..\obj\STMPE811QTR.o
 .debug_abbrev  0x0000050c       0xde ..\obj\main.o
 .debug_abbrev  0x000005ea      0x1e3 ..\obj\stm32f4xx_rcc.o
 .debug_abbrev  0x000007cd      0x27e ..\obj\printf.o
 .debug_abbrev  0x00000a4b       0x93 ..\obj\fonts.o
 .debug_abbrev  0x00000ade      0x170 ..\obj\stm32f4xx_fsmc.o
 .debug_abbrev  0x00000c4e       0xf4 ..\obj\LCD_Touch_Calibration.o
 .debug_abbrev  0x00000d42      0x1a3 ..\obj\stm32f4xx_gpio.o
 .debug_abbrev  0x00000ee5       0x14 ..\obj\sh_cmd.o
 .debug_abbrev  0x00000ef9      0x136 ..\obj\system_stm32f4xx.o
 .debug_abbrev  0x0000102f      0x155 ..\obj\stm32f4xx_dma.o
 .debug_abbrev  0x00001184      0x164 ..\obj\stm32f4xx_i2c.o

.debug_aranges  0x00000000      0x868
 .debug_aranges
                0x00000000      0x168 ..\obj\stm32f4_discovery_lcd.o
 .debug_aranges
                0x00000168       0x28 ..\obj\startup_stm32f4xx.o
 .debug_aranges
                0x00000190      0x100 ..\obj\STMPE811QTR.o
 .debug_aranges
                0x00000290       0x28 ..\obj\main.o
 .debug_aranges
                0x000002b8      0x178 ..\obj\stm32f4xx_rcc.o
 .debug_aranges
                0x00000430       0xa0 ..\obj\printf.o
 .debug_aranges
                0x000004d0       0x18 ..\obj\fonts.o
 .debug_aranges
                0x000004e8       0xb0 ..\obj\stm32f4xx_fsmc.o
 .debug_aranges
                0x00000598       0x28 ..\obj\LCD_Touch_Calibration.o
 .debug_aranges
                0x000005c0       0x88 ..\obj\stm32f4xx_gpio.o
 .debug_aranges
                0x00000648       0x20 ..\obj\sh_cmd.o
 .debug_aranges
                0x00000668       0x30 ..\obj\system_stm32f4xx.o
 .debug_aranges
                0x00000698       0xb0 ..\obj\stm32f4xx_dma.o
 .debug_aranges
                0x00000748      0x120 ..\obj\stm32f4xx_i2c.o

.debug_ranges   0x00000000      0x770
 .debug_ranges  0x00000000      0x158 ..\obj\stm32f4_discovery_lcd.o
 .debug_ranges  0x00000158       0x18 ..\obj\startup_stm32f4xx.o
 .debug_ranges  0x00000170       0xf0 ..\obj\STMPE811QTR.o
 .debug_ranges  0x00000260       0x18 ..\obj\main.o
 .debug_ranges  0x00000278      0x168 ..\obj\stm32f4xx_rcc.o
 .debug_ranges  0x000003e0       0x90 ..\obj\printf.o
 .debug_ranges  0x00000470       0xa0 ..\obj\stm32f4xx_fsmc.o
 .debug_ranges  0x00000510       0x18 ..\obj\LCD_Touch_Calibration.o
 .debug_ranges  0x00000528       0x78 ..\obj\stm32f4xx_gpio.o
 .debug_ranges  0x000005a0       0x20 ..\obj\system_stm32f4xx.o
 .debug_ranges  0x000005c0       0xa0 ..\obj\stm32f4xx_dma.o
 .debug_ranges  0x00000660      0x110 ..\obj\stm32f4xx_i2c.o

.debug_line     0x00000000     0x2a7f
 .debug_line    0x00000000      0x78f ..\obj\stm32f4_discovery_lcd.o
 .debug_line    0x0000078f       0x98 ..\obj\startup_stm32f4xx.o
 .debug_line    0x00000827      0x58d ..\obj\STMPE811QTR.o
 .debug_line    0x00000db4      0x11b ..\obj\main.o
 .debug_line    0x00000ecf      0x516 ..\obj\stm32f4xx_rcc.o
 .debug_line    0x000013e5      0x38f ..\obj\printf.o
 .debug_line    0x00001774       0xac ..\obj\fonts.o
 .debug_line    0x00001820      0x3d0 ..\obj\stm32f4xx_fsmc.o
 .debug_line    0x00001bf0      0x235 ..\obj\LCD_Touch_Calibration.o
 .debug_line    0x00001e25      0x2bb ..\obj\stm32f4xx_gpio.o
 .debug_line    0x000020e0       0x78 ..\obj\sh_cmd.o
 .debug_line    0x00002158      0x178 ..\obj\system_stm32f4xx.o
 .debug_line    0x000022d0      0x358 ..\obj\stm32f4xx_dma.o
 .debug_line    0x00002628      0x457 ..\obj\stm32f4xx_i2c.o

.debug_str      0x00000000     0x2858
 .debug_str     0x00000000      0x913 ..\obj\stm32f4_discovery_lcd.o
                                0x99e (size before relaxing)
 .debug_str     0x00000913       0xa6 ..\obj\startup_stm32f4xx.o
                                0x160 (size before relaxing)
 .debug_str     0x000009b9      0x54a ..\obj\STMPE811QTR.o
                                0x894 (size before relaxing)
 .debug_str     0x00000f03       0x39 ..\obj\main.o
                                0x1bf (size before relaxing)
 .debug_str     0x00000f3c      0x636 ..\obj\stm32f4xx_rcc.o
                                0x83f (size before relaxing)
 .debug_str     0x00001572      0x4e5 ..\obj\printf.o
                                0x672 (size before relaxing)
 .debug_str     0x00001a57       0x7b ..\obj\fonts.o
                                0x1e1 (size before relaxing)
 .debug_str     0x00001ad2      0x3ee ..\obj\stm32f4xx_fsmc.o
                                0x783 (size before relaxing)
 .debug_str     0x00001ec0      0x157 ..\obj\LCD_Touch_Calibration.o
                                0x32a (size before relaxing)
 .debug_str     0x00002017      0x199 ..\obj\stm32f4xx_gpio.o
                                0x492 (size before relaxing)
 .debug_str     0x000021b0      0x10e ..\obj\system_stm32f4xx.o
                                0x399 (size before relaxing)
 .debug_str     0x000022be      0x264 ..\obj\stm32f4xx_dma.o
                                0x53b (size before relaxing)
 .debug_str     0x00002522      0x336 ..\obj\stm32f4xx_i2c.o
                                0x654 (size before relaxing)

.comment        0x00000000       0x70
 .comment       0x00000000       0x70 ..\obj\stm32f4_discovery_lcd.o
                                 0x71 (size before relaxing)
 .comment       0x00000000       0x71 ..\obj\startup_stm32f4xx.o
 .comment       0x00000000       0x71 ..\obj\STMPE811QTR.o
 .comment       0x00000000       0x71 ..\obj\main.o
 .comment       0x00000000       0x71 ..\obj\stm32f4xx_rcc.o
 .comment       0x00000000       0x71 ..\obj\printf.o
 .comment       0x00000000       0x71 ..\obj\fonts.o
 .comment       0x00000000       0x71 ..\obj\stm32f4xx_fsmc.o
 .comment       0x00000000       0x71 ..\obj\LCD_Touch_Calibration.o
 .comment       0x00000000       0x71 ..\obj\stm32f4xx_gpio.o
 .comment       0x00000000       0x71 ..\obj\system_stm32f4xx.o
 .comment       0x00000000       0x71 ..\obj\stm32f4xx_dma.o
 .comment       0x00000000       0x71 ..\obj\stm32f4xx_i2c.o

.ARM.attributes
                0x00000000       0x37
 .ARM.attributes
                0x00000000       0x39 ..\obj\stm32f4_discovery_lcd.o
 .ARM.attributes
                0x00000039       0x39 ..\obj\startup_stm32f4xx.o
 .ARM.attributes
                0x00000072       0x39 ..\obj\STMPE811QTR.o
 .ARM.attributes
                0x000000ab       0x39 ..\obj\main.o
 .ARM.attributes
                0x000000e4       0x39 ..\obj\stm32f4xx_rcc.o
 .ARM.attributes
                0x0000011d       0x39 ..\obj\printf.o
 .ARM.attributes
                0x00000156       0x39 ..\obj\fonts.o
 .ARM.attributes
                0x0000018f       0x39 ..\obj\stm32f4xx_fsmc.o
 .ARM.attributes
                0x000001c8       0x39 ..\obj\LCD_Touch_Calibration.o
 .ARM.attributes
                0x00000201       0x39 ..\obj\stm32f4xx_gpio.o
 .ARM.attributes
                0x0000023a       0x25 ..\obj\sh_cmd.o
 .ARM.attributes
                0x0000025f       0x39 ..\obj\system_stm32f4xx.o
 .ARM.attributes
                0x00000298       0x39 ..\obj\stm32f4xx_dma.o
 .ARM.attributes
                0x000002d1       0x39 ..\obj\stm32f4xx_i2c.o

.debug_frame    0x00000000     0x1a94
 .debug_frame   0x00000000      0x4fc ..\obj\stm32f4_discovery_lcd.o
 .debug_frame   0x000004fc       0x48 ..\obj\startup_stm32f4xx.o
 .debug_frame   0x00000544      0x3a0 ..\obj\STMPE811QTR.o
 .debug_frame   0x000008e4       0x48 ..\obj\main.o
 .debug_frame   0x0000092c      0x4d8 ..\obj\stm32f4xx_rcc.o
 .debug_frame   0x00000e04      0x248 ..\obj\printf.o
 .debug_frame   0x0000104c      0x220 ..\obj\stm32f4xx_fsmc.o
 .debug_frame   0x0000126c       0x50 ..\obj\LCD_Touch_Calibration.o
 .debug_frame   0x000012bc      0x19c ..\obj\stm32f4xx_gpio.o
 .debug_frame   0x00001458       0x64 ..\obj\system_stm32f4xx.o
 .debug_frame   0x000014bc      0x224 ..\obj\stm32f4xx_dma.o
 .debug_frame   0x000016e0      0x3b4 ..\obj\stm32f4xx_i2c.o
